
> ms-az-900@1.0.0 build
> tsc && vite build

[36mvite v6.4.1 [32mbuilding for production...[36m[39m
transforming...
[32mΓ£ô[39m 31 modules transformed.
node.exe : [31mΓ£ù[39m 
Build failed in 676ms
At line:1 char:1
+ & "C:\Program 
Files\nodejs/node.exe" 
"C:\Program 
Files\nodejs/node_mo ...
+ ~~~~~~~~~~~~~~~~~~~~~~~~~
~~~~~~~~~~~~~~~~~~~~~~~~~~~
~~~~~~~~~~~~~~~~~
    + CategoryInfo         
     : NotSpecified: ([3  
  1mΓ£ù[39m Build faile   
 d in 676ms:String) [],    
 RemoteException
    + FullyQualifiedErrorI 
   d : NativeCommandError
 
[31merror during build:
[31m[vite-plugin-pwa:build
] [plugin 
vite-plugin-pwa:build] src/
components/DomainSelection.
tsx: There was an error 
during the build:
  Could not resolve 
"../data/domain3.json" 
from "src/components/Domain
Selection.tsx"
Additionally, handling the 
error in the 'buildEnd' 
hook caused the following 
error:
  Could not resolve 
"../data/domain3.json" 
from "src/components/Domain
Selection.tsx"[31m
file: [36mD:/codes/vm/Micr
osoft-AZ-900-Exam-Prep/src/
components/DomainSelection.
tsx[31m
    at getRollupError (file
:///D:/codes/vm/Microsoft-A
Z-900-Exam-Prep/node_module
s/rollup/dist/es/shared/par
seAst.js:406:41)
    at file:///D:/codes/vm/
Microsoft-AZ-900-Exam-Prep/
node_modules/rollup/dist/es
/shared/node-entry.js:23863
:39
    at async 
catchUnfinishedHookActions 
(file:///D:/codes/vm/Micros
oft-AZ-900-Exam-Prep/node_m
odules/rollup/dist/es/share
d/node-entry.js:23321:16)
    at async 
rollupInternal (file:///D:/
codes/vm/Microsoft-AZ-900-E
xam-Prep/node_modules/rollu
p/dist/es/shared/node-entry
.js:23846:5)
    at async 
buildEnvironment (file:///D
:/codes/vm/Microsoft-AZ-900
-Exam-Prep/node_modules/vit
e/dist/node/chunks/dep-D4NM
HUTW.js:46235:14)
    at async 
Object.defaultBuildApp [as 
buildApp] (file:///D:/codes
/vm/Microsoft-AZ-900-Exam-P
rep/node_modules/vite/dist/
node/chunks/dep-D4NMHUTW.js
:46713:5)
    at async 
CAC.<anonymous> (file:///D:
/codes/vm/Microsoft-AZ-900-
Exam-Prep/node_modules/vite
/dist/node/cli.js:863:7)[3
9m
